

================================================================
== Synthesis Summary Report of 'ntt8192_int_product'
================================================================
+ General Information: 
    * Date:           Thu Jan  6 11:31:15 2022
    * Version:        2020.2 (Build 3064766 on Wed Nov 18 09:12:47 MST 2020)
    * Project:        ntt8192_int_product
    * Solution:       solution1 (Vitis Kernel Flow Target)
    * Product family: virtexuplus
    * Target device:  xcvu11p-flga2577-1-e
    

+ Performance & Resource Estimates: 
    
    PS: '+' for module; 'o' for loop; '*' for dataflow
    +------------------------------+--------+-------+---------+-----------+----------+---------+------+----------+-----------+--------------+-------------+------------+-----+
    |            Modules           |  Issue |       | Latency |  Latency  | Iteration|         | Trip |          |           |              |             |            |     |
    |            & Loops           |  Type  | Slack | (cycles)|    (ns)   |  Latency | Interval| Count| Pipelined|   BRAM    |      DSP     |      FF     |     LUT    | URAM|
    +------------------------------+--------+-------+---------+-----------+----------+---------+------+----------+-----------+--------------+-------------+------------+-----+
    |+ ntt8192_int_product         |  Timing|   0.20|        -|          -|         -|        -|     -|        no|  480 (11%)|  11671 (126%)|   70301 (2%)|  23917 (1%)|    -|
    | + grp_ntt_ct_std2rev_fu_238  |  Timing|   0.20|        -|          -|         -|        -|     -|        no|   225 (5%)|    3040 (32%)|  25572 (~0%)|  8511 (~0%)|    -|
    |  o VITIS_LOOP_295_1          |       -|  -1.82|        -|          -|         -|        -|     -|        no|          -|             -|            -|           -|    -|
    |   o VITIS_LOOP_308_2         |       -|  -1.82|        -|          -|       293|        -|     -|        no|          -|             -|            -|           -|    -|
    |   o VITIS_LOOP_314_3         |       -|  -1.82|        -|          -|         -|        -|     -|        no|          -|             -|            -|           -|    -|
    |    o VITIS_LOOP_317_4        |       -|  -1.82|        -|          -|       318|        -|     -|        no|          -|             -|            -|           -|    -|
    | + grp_ntt_ct_rev2std_fu_249  |  Timing|   0.20|        -|          -|         -|        -|     -|        no|   225 (5%)|             -|  23695 (~0%)|  7943 (~0%)|    -|
    |  o VITIS_LOOP_243_1          |       -|  -1.82|        -|          -|         -|        -|     -|        no|          -|             -|            -|           -|    -|
    |   o VITIS_LOOP_250_2         |       -|  -1.82|        -|          -|       293|        -|     -|        no|          -|             -|            -|           -|    -|
    |   o VITIS_LOOP_256_3         |       -|  -1.82|        -|          -|         -|        -|     -|        no|          -|             -|            -|           -|    -|
    |    o VITIS_LOOP_258_4        |       -|  -1.82|        -|          -|       318|        -|     -|        no|          -|             -|            -|           -|    -|
    | o VITIS_LOOP_153_1           |      II|  -1.82|    16481|  4.120e+04|       100|        2|  8192|       yes|          -|             -|            -|           -|    -|
    | o VITIS_LOOP_173_1           |      II|  -1.82|  1359872|  3.400e+06|       167|      166|  8192|       yes|          -|             -|            -|           -|    -|
    +------------------------------+--------+-------+---------+-----------+----------+---------+------+----------+-----------+--------------+-------------+------------+-----+

