#-----------------------------------------------------------
# Webtalk v2020.2 (64-bit)
# SW Build 3064766 on Wed Nov 18 09:12:47 MST 2020
# IP Build 3064653 on Wed Nov 18 14:17:31 MST 2020
# Start of session at: Thu Jan  6 13:23:06 2022
# Process ID: 26709
# Current directory: /home/asyam/Desktop/NTT/tfhe-ntt/HE-Multiplication-Million-bit-Mul-512-1024/HE_level_NTT_large_int_mul/ntt8192_int_product/solution1/sim/verilog
# Command line: wbtcv -mode batch -source /home/asyam/Desktop/NTT/tfhe-ntt/HE-Multiplication-Million-bit-Mul-512-1024/HE_level_NTT_large_int_mul/ntt8192_int_product/solution1/sim/verilog/xsim.dir/ntt8192_int_product/webtalk/xsim_webtalk.tcl -notrace
# Log file: /home/asyam/Desktop/NTT/tfhe-ntt/HE-Multiplication-Million-bit-Mul-512-1024/HE_level_NTT_large_int_mul/ntt8192_int_product/solution1/sim/verilog/webtalk.log
# Journal file: /home/asyam/Desktop/NTT/tfhe-ntt/HE-Multiplication-Million-bit-Mul-512-1024/HE_level_NTT_large_int_mul/ntt8192_int_product/solution1/sim/verilog/webtalk.jou
#-----------------------------------------------------------
source /home/asyam/Desktop/NTT/tfhe-ntt/HE-Multiplication-Million-bit-Mul-512-1024/HE_level_NTT_large_int_mul/ntt8192_int_product/solution1/sim/verilog/xsim.dir/ntt8192_int_product/webtalk/xsim_webtalk.tcl -notrace
